
> frontend@0.1.0 build
> next build

Γû▓ Next.js 16.1.6 (Turbopack)

  Creating an optimized production build ...
npm : 
At line:1 char:1
+ npm run build > 
build_error.log 2>&1
+ ~~~~~~~~~~~~~~~~~~~~~
~~~~~~~~~~~~~~~
    + CategoryInfo     
         : NotSpecifi  
  ed: (:String) [],    
 RemoteException
    + FullyQualifiedEr 
   rorId : NativeComm  
  andError
 
> Build error occurred
Error: Turbopack build 
failed with 1 errors:
./src/app/components/Sm
oothScrolling.tsx:3:1
Module not found: 
Can't resolve '@studio-
freight/react-lenis'
[0m [90m 1 |[39m 
[32m"use 
client"[39m[33m;[39m
 [90m 2 |[39m
[31m[1m>[22m[39m[9
0m 3 |[39m 
[36mimport[39m { 
[33mReactLenis[39m } 
[36mfrom[39m [32m'@s
tudio-freight/react-len
is'[39m[33m;[39m
 [90m   |[39m [31m[
1m^[22m[39m[31m[1m^
[22m[39m[31m[1m^[2
2m[39m[31m[1m^[22m
[39m[31m[1m^[22m[39
m[31m[1m^[22m[39m[
31m[1m^[22m[39m[31m
[1m^[22m[39m[31m[1
m^[22m[39m[31m[1m^
[22m[39m[31m[1m^[22
m[39m[31m[1m^[22m[
39m[31m[1m^[22m[39m
[31m[1m^[22m[39m[3
1m[1m^[22m[39m[31m
[1m^[22m[39m[31m[1m
^[22m[39m[31m[1m^[
22m[39m[31m[1m^[22m
[39m[31m[1m^[22m[3
9m[31m[1m^[22m[39m
[31m[1m^[22m[39m[31
m[1m^[22m[39m[31m[
1m^[22m[39m[31m[1m^
[22m[39m[31m[1m^[2
2m[39m[31m[1m^[22m
[39m[31m[1m^[22m[39
m[31m[1m^[22m[39m[
31m[1m^[22m[39m[31m
[1m^[22m[39m[31m[1
m^[22m[39m[31m[1m^
[22m[39m[31m[1m^[22
m[39m[31m[1m^[22m[
39m[31m[1m^[22m[39m
[31m[1m^[22m[39m[3
1m[1m^[22m[39m[31m
[1m^[22m[39m[31m[1m
^[22m[39m[31m[1m^[
22m[39m[31m[1m^[22m
[39m[31m[1m^[22m[3
9m[31m[1m^[22m[39m
[31m[1m^[22m[39m[31
m[1m^[22m[39m[31m[
1m^[22m[39m[31m[1m^
[22m[39m[31m[1m^[2
2m[39m[31m[1m^[22m
[39m[31m[1m^[22m[39
m[31m[1m^[22m[39m[
31m[1m^[22m[39m[31m
[1m^[22m[39m[31m[1
m^[22m[39m[31m[1m^
[22m[39m[31m[1m^[22
m[39m
 [90m 4 |[39m 
[36mimport[39m { 
[33mReactNode[39m } 
[36mfrom[39m [32m're
act'[39m[33m;[39m
 [90m 5 |[39m
 [90m 6 |[39m 
[36mexport[39m 
[36mdefault[39m 
[36mfunction[39m [33
mSmoothScrolling[39m({
 children }[33m:[39m 
{ children[33m:[39m 
[33mReactNode[39m }) 
{[0m



Import trace:
  Server Component:
    ./src/app/component
s/SmoothScrolling.tsx
    ./src/app/(storefro
nt)/layout.tsx

https://nextjs.org/docs
/messages/module-not-fo
und


    at <unknown> (./src
/app/components/SmoothS
crolling.tsx:3:1)
    at <unknown> (https
://nextjs.org/docs/mess
ages/module-not-found)
